Traceback (most recent call last):
  File "/home/seketal1/MenuApp/passenger_wsgi.py", line 11, in <module>
    from django.core.wsgi import get_wsgi_application
ModuleNotFoundError: No module named 'django'
Traceback (most recent call last):
  File "/home/seketal1/MenuApp/passenger_wsgi.py", line 11, in <module>
    from django.core.wsgi import get_wsgi_application
ModuleNotFoundError: No module named 'django'
[UID:1634][1784678] Child process with pid: 1784684 was killed by signal: 15, core dumped: no
Traceback (most recent call last):
  File "/home/seketal1/MenuApp/passenger_wsgi.py", line 11, in <module>
    from django.core.wsgi import get_wsgi_application
ModuleNotFoundError: No module named 'django'
[UID:1634][1784678] Child process with pid: 1784687 was killed by signal: 15, core dumped: no
Traceback (most recent call last):
  File "/home/seketal1/MenuApp/passenger_wsgi.py", line 11, in <module>
    from django.core.wsgi import get_wsgi_application
ModuleNotFoundError: No module named 'django'
[UID:1634][1784678] Child process with pid: 1784818 was killed by signal: 15, core dumped: no
Traceback (most recent call last):
  File "/home/seketal1/MenuApp/passenger_wsgi.py", line 11, in <module>
    from django.core.wsgi import get_wsgi_application
ModuleNotFoundError: No module named 'django'
[UID:1634][1784678] Child process with pid: 1784821 was killed by signal: 15, core dumped: no
[UID:1634][1818540] packetLen < 0
[UID:1634][1818540] packetLen < 0
[UID:1634][1818540] packetLen < 0
[UID:1634][1818540] packetLen < 0
[UID:1634][1818540] packetLen < 0
[UID:1634][1818540] packetLen < 0
